2024-05-30 18:33:05 INFO Testing the admin login route
2024-05-30 18:33:05 INFO Testing the admin login process with correct credentials
2024-05-30 18:33:05 INFO Testing the admin login process with incorrect credentials
2024-05-30 18:33:05 INFO Testing the forget password route
2024-05-30 18:33:05 INFO Testing the admin page route
2024-05-30 18:33:05 INFO Testing the addEmployeePage route
2024-05-30 18:33:05 INFO Received form data: ImmutableMultiDict([('first-name', 'Mayank'), ('last-name', 'Sahu'), ('email', 'sahu25627@nucleusteq.com'), ('phone-number', '8458809510'), ('position', 'Senior Software Developer'), ('address', 'Pithampur MP'), ('manager-id', '1'), ('password', 'Mayank@123')])
2024-05-30 18:33:05 INFO Add Employee Test Success
2024-05-30 18:33:05 INFO Testing the add manager page route route
2024-05-30 18:33:05 INFO Adding manager route Testing
2024-05-30 18:33:05 INFO Testing the add project page route route
2024-05-30 18:33:05 INFO Adding project route Testing
2024-05-30 18:33:05 INFO Testing the view employee page route route
2024-05-30 18:33:05 INFO Testing the view employee route
2024-05-30 18:33:05 INFO Testing the update employee route
2024-05-30 18:33:05 INFO Testing the update employee route
2024-05-30 18:33:05 INFO Testing the view Project page route
2024-05-30 18:33:05 INFO Testing the update Project route
2024-05-30 18:33:05 INFO Testing the update project route
2024-05-30 18:33:05 INFO Project with ID 11 deleted successfully.
2024-05-30 18:33:05 INFO Testing the delete project route
2024-05-30 18:33:05 INFO Testing the view manager route
2024-05-30 18:33:05 INFO Testing the update manager route
2024-05-30 18:33:05 INFO Testing updateManager Updates done
2024-05-30 18:33:05 INFO Testing the delete Manager route
2024-05-30 18:33:05 INFO Testing the assign project page route
2024-05-30 18:33:05 INFO Testing the assign project route
2024-05-30 18:33:05 INFO Testing the unassignassign project page route
2024-05-30 18:33:05 INFO Testing the unassign employee route
2024-05-30 18:33:05 INFO Test viewEmployeesWithProjects route
2024-05-30 18:33:05 INFO Test approveRejectManagerRequest route
2024-05-30 18:33:05 INFO Testing the approve reject manager request route
2024-05-30 18:33:05 INFO Testing the reject manager request route
2024-05-30 18:33:05 INFO Testing the manager request status route
2024-05-30 18:33:05 INFO Testing the employee login route
2024-05-30 18:33:05 INFO Testing the employee login process with correct credentials
2024-05-30 18:33:05 INFO Testing the show details route
2024-05-30 18:33:05 INFO Testing the ADD Skills route
2024-05-30 18:33:05 INFO Testing the ADD Skills route
2024-05-30 18:33:05 INFO Testing the View Employee route
2024-05-30 18:33:05 INFO Testing the View Manager route
2024-05-30 18:33:05 INFO Testing the manager Login route
